// Jest Snapshot v1, https://goo.gl/fbAQLP

exports[`Integration tests Assets 1`] = `
Object {
  "assets": Object {
    "nodes": Array [
      Object {
        "code": "ZZZ",
        "issuer": Object {
          "id": "GCLCYDPGX7YBYMV627KV2GAXFEYYKJYZBCZEFVKELIHJ62SLKFAREUWH",
        },
        "native": false,
      },
      Object {
        "code": "ZZZ",
        "issuer": Object {
          "id": "GBYMZE2O2CCLYVZKDBSE4SBWYSMFGYSAX3QN5KY4EV32ADEKVY5WIXWC",
        },
        "native": false,
      },
      Object {
        "code": "ZZZ",
        "issuer": Object {
          "id": "GBKSCKCMFEIZSELRVTYO5XWGSEYURZY7AEV35MYW65DBS6FT6OHKP5IZ",
        },
        "native": false,
      },
    ],
  },
}
`;

exports[`Integration tests Ledgers 1`] = `
Object {
  "ledgers": Array [
    Object {
      "header": Object {
        "ledgerVersion": 10,
      },
      "seq": 2,
    },
    Object {
      "header": Object {
        "ledgerVersion": 10,
      },
      "seq": 3,
    },
    Object {
      "header": Object {
        "ledgerVersion": 10,
      },
      "seq": 4,
    },
  ],
}
`;

exports[`Integration tests Single account query 1`] = `
Object {
  "account": Object {
    "balances": Array [
      Object {
        "account": Object {
          "id": "GCVIRZIN4CGYY56CSL7RYAFHKQTGE34GIASZ2D4IGZGV3FDL622LPQZT",
        },
        "asset": Object {
          "code": "XLM",
          "issuer": null,
          "native": true,
        },
      },
    ],
    "data": Array [
      Object {
        "name": "test_data",
        "value": "dGVzdF92YWx1ZQ==",
      },
    ],
    "flags": Object {
      "authImmutable": false,
      "authRequired": false,
      "authRevocable": false,
    },
    "id": "GCVIRZIN4CGYY56CSL7RYAFHKQTGE34GIASZ2D4IGZGV3FDL622LPQZT",
    "inflationDestination": null,
    "ledger": Object {
      "header": Object {
        "ledgerVersion": 10,
      },
      "seq": 4,
    },
    "sequenceNumber": "8589934593",
    "signers": null,
    "thresholds": Object {
      "high": 0,
      "low": 0,
      "masterWeight": 1,
      "medium": 0,
    },
  },
}
`;
