// Jest Snapshot v1, https://goo.gl/fbAQLP

exports[`Integration tests Assets 1`] = `
Object {
  "assets": Object {
    "nodes": Array [
      Object {
        "code": "KHL",
        "issuer": Object {
          "id": "GBTVGCI5OYBGDMCNKYFVSETXK6TTOQ4DRJBAC5K2PUUNSVB24PPSQ26Q",
        },
        "native": false,
      },
    ],
  },
}
`;

exports[`Integration tests Ledgers 1`] = `
Object {
  "ledgers": Array [
    Object {
      "header": Object {
        "ledgerVersion": 10,
      },
      "seq": 2,
    },
    Object {
      "header": Object {
        "ledgerVersion": 10,
      },
      "seq": 3,
    },
    Object {
      "header": Object {
        "ledgerVersion": 10,
      },
      "seq": 4,
    },
  ],
}
`;

exports[`Integration tests Single account query 1`] = `
Object {
  "account": Object {
    "balances": Array [
      Object {
        "account": Object {
          "id": "GCVIRZIN4CGYY56CSL7RYAFHKQTGE34GIASZ2D4IGZGV3FDL622LPQZT",
        },
        "asset": Object {
          "code": "XLM",
          "issuer": null,
          "native": true,
        },
      },
    ],
    "data": Array [
      Object {
        "name": "test_data",
        "value": "test_value",
      },
    ],
    "id": "GCVIRZIN4CGYY56CSL7RYAFHKQTGE34GIASZ2D4IGZGV3FDL622LPQZT",
    "inflationDestination": null,
    "ledger": Object {
      "header": Object {
        "ledgerVersion": 10,
      },
      "seq": 4,
    },
    "sequenceNumber": "8589934593",
    "signers": null,
    "thresholds": Object {
      "high": 0,
      "low": 0,
      "masterWeight": 1,
      "medium": 0,
    },
  },
}
`;
